<?xml version="1.0" encoding="utf-8"?><testsuites name="pytest tests"><testsuite name="pytest" errors="0" failures="0" skipped="0" tests="1" time="1.722" timestamp="2026-07-23T23:38:45.770746-04:00" hostname="Stefans-PC"><testcase classname="tests.test_runner" name="test_script_runs_successfully" time="0.632" /></testsuite></testsuites>